// Vitest Snapshot v1, https://vitest.dev/guide/snapshot.html

exports[`PageHeader > renders 1`] = `
<header
  class="mb-6 flex flex-col gap-3 border-b border-tip pb-4"
>
  <nav
    aria-label="Path"
  >
    <ol
      class="flex flex-wrap gap-2 text-xs text-tip"
    >
      <li
        class="after:ml-2 after:content-['/'] last:after:content-['']"
      >
        <a
          href="/shopOwners"
        >
          ShopOwners
        </a>
      </li>
      <li
        class="after:ml-2 after:content-['/'] last:after:content-['']"
      >
        Manage
      </li>
    </ol>
  </nav>
  <div
    class="flex flex-wrap items-center justify-between gap-4"
  >
    <h1
      class="text-2xl font-bold"
    >
      Manage shop owners
    </h1>
    <div
      class="flex gap-2"
    >
      <nav
        aria-label="Sections shopOwners"
        class="flex flex-wrap gap-2"
      >
        <a
          class="rounded-box border border-palette-bg3/20 px-3 py-2 text-sm"
          href="/shopOwners"
        >
          Stats
        </a>
        <a
          aria-current="page"
          class="rounded-box border border-palette-bg3/20 px-3 py-2 text-sm bg-third text-palette-white"
          data-status="active"
          href="/p/shopOwners/manage-shopOwners"
        >
          Manage
        </a>
        <a
          class="rounded-box border border-palette-bg3/20 px-3 py-2 text-sm"
          href="/p/shopOwners/add-shopOwner"
        >
          Add
        </a>
      </nav>
    </div>
  </div>
</header>
`;
