// Vitest Snapshot v1, https://vitest.dev/guide/snapshot.html

exports[`StatsShopOwners > renders 1`] = `
<main
  class="flex-1 overflow-auto p-6"
>
  <header
    class="mb-6 flex flex-col gap-3 border-b border-tip pb-4"
  >
    <nav
      aria-label="Path"
    >
      <ol
        class="flex flex-wrap gap-2 text-xs text-tip"
      >
        <li
          class="after:ml-2 after:content-['/'] last:after:content-['']"
        >
          ShopOwners
        </li>
      </ol>
    </nav>
    <div
      class="flex flex-wrap items-center justify-between gap-4"
    >
      <h1
        class="text-2xl font-bold"
      >
        ShopOwners
      </h1>
      <div
        class="flex gap-2"
      >
        <nav
          aria-label="Sections shopOwners"
          class="flex flex-wrap gap-2"
        >
          <a
            aria-current="page"
            class="rounded-box border border-palette-bg3/20 px-3 py-2 text-sm bg-third text-palette-white"
            data-status="active"
            href="/shopOwners"
          >
            Stats
          </a>
          <a
            class="rounded-box border border-palette-bg3/20 px-3 py-2 text-sm"
            href="/p/shopOwners/manage-shopOwners"
          >
            Manage
          </a>
          <a
            class="rounded-box border border-palette-bg3/20 px-3 py-2 text-sm"
            href="/p/shopOwners/add-shopOwner"
          >
            Add
          </a>
        </nav>
      </div>
    </div>
  </header>
  <div
    class="grid gap-4 sm:grid-cols-2 xl:grid-cols-4"
  >
    <section
      aria-labelledby=":id-0:"
      class="h-full overflow-hidden rounded-box border-4 border-third bg-white p-[10px] shadow "
    >
      <div
        class="mb-2 flex items-center justify-between gap-2"
      >
        <h3
          class="font-bold"
          id=":id-0:"
        >
          ShopOwners
        </h3>
      </div>
      <div
        class="flex justify-between gap-4 border-b border-palette-bg1 py-1 text-sm last:border-b-0"
      >
        <span
          class="text-tip"
        >
          Total
        </span>
        <span
          class="text-right"
        >
          42
        </span>
      </div>
    </section>
  </div>
  <div
    class="mt-4"
  >
    <section
      aria-labelledby=":id-1:"
      class="h-full overflow-hidden rounded-box border-4 border-third bg-white p-[10px] shadow "
    >
      <div
        class="mb-2 flex items-center justify-between gap-2"
      >
        <h3
          class="font-bold"
          id=":id-1:"
        >
          Registrations over time
        </h3>
        <div
          class="flex flex-col gap-1"
        >
          <label
            class="text-sm font-semibold"
            for=":id-2:"
          >
            Period
          </label>
          <div
            class="relative"
          >
            <select
              aria-invalid="false"
              class="min-w-52"
              id=":id-2:"
            >
              <option
                value="ALL"
              >
                From the first sign-up to today
              </option>
              <option
                value="THREE_MONTHS"
              >
                Last 3 months
              </option>
              <option
                value="ONE_MONTH"
              >
                Last month
              </option>
            </select>
            <span
              class="pointer-events-none absolute inset-y-0 right-3 flex items-center text-tip"
            >
              <svg
                aria-hidden="true"
                class="h-4 w-4"
                fill="none"
                stroke="currentColor"
                stroke-linecap="round"
                stroke-linejoin="round"
                stroke-width="1.75"
                viewBox="0 0 24 24"
              >
                <path
                  d="m6 9 6 6 6-6"
                />
              </svg>
            </span>
          </div>
        </div>
      </div>
      <p
        class="py-8 text-center text-sm text-tip"
      >
        No sign-ups in the selected period.
      </p>
    </section>
  </div>
</main>
`;
