// Vitest Snapshot v1, https://vitest.dev/guide/snapshot.html

exports[`TblImprenditori > renders 1`] = `
<main
  class="flex-1 overflow-auto p-6"
>
  <header
    class="mb-6 flex flex-col gap-3 border-b border-tip pb-4"
  >
    <nav
      aria-label="Percorso"
    >
      <ol
        class="flex flex-wrap gap-2 text-xs text-tip"
      >
        <li
          class="after:ml-2 after:content-['/'] last:after:content-['']"
        >
          <a
            href="/imprenditori"
          >
            Imprenditori
          </a>
        </li>
        <li
          class="after:ml-2 after:content-['/'] last:after:content-['']"
        >
          Gestione
        </li>
      </ol>
    </nav>
    <div
      class="flex flex-wrap items-center justify-between gap-4"
    >
      <h1
        class="text-2xl font-bold"
      >
        Gestione degli imprenditori
      </h1>
      <div
        class="flex gap-2"
      >
        <nav
          aria-label="Sezioni imprenditori"
          class="flex flex-wrap gap-2"
        >
          <a
            class="rounded-box border border-palette-bg3/20 px-3 py-2 text-sm"
            href="/imprenditori"
          >
            Stats
          </a>
          <a
            aria-current="page"
            class="rounded-box border border-palette-bg3/20 px-3 py-2 text-sm bg-third text-palette-white"
            data-status="active"
            href="/p/imprenditori/gestione-imprenditori"
          >
            Gestione
          </a>
          <a
            class="rounded-box border border-palette-bg3/20 px-3 py-2 text-sm"
            href="/p/imprenditori/aggiungi-imprenditore"
          >
            Aggiungi
          </a>
        </nav>
      </div>
    </div>
  </header>
  <div
    class="flex flex-col gap-4"
  >
    <div
      class="flex flex-col gap-1"
    >
      <label
        class="text-sm font-semibold"
        for=":id-0:"
      >
        Cerca imprenditore
      </label>
      <div
        class="relative"
      >
        <input
          aria-invalid="false"
          class="w-full rounded-box border-tip py-2 pl-3 text-sm outline-none focus:border-third disabled:cursor-not-allowed disabled:bg-palette-bg1 border bg-white pr-3"
          id=":id-0:"
          type="search"
          value=""
        />
      </div>
    </div>
    <div
      class="overflow-x-auto"
    >
      <table
        class="w-full text-left text-sm"
      >
        <thead>
          <tr>
            <th
              aria-sort="ascending"
              class="border-b border-palette-bg3/20 p-2"
              scope="col"
            >
              <button
                class="font-bold"
                type="button"
              >
                Cognome
              </button>
            </th>
            <th
              aria-sort="none"
              class="border-b border-palette-bg3/20 p-2"
              scope="col"
            >
              <button
                class="font-bold"
                type="button"
              >
                Nome
              </button>
            </th>
            <th
              aria-sort="none"
              class="border-b border-palette-bg3/20 p-2"
              scope="col"
            >
              <button
                class="font-bold"
                type="button"
              >
                Iscrizione
              </button>
            </th>
            <th
              aria-sort="none"
              class="border-b border-palette-bg3/20 p-2"
              scope="col"
            >
              <button
                class="font-bold"
                type="button"
              >
                Indirizzo
              </button>
            </th>
          </tr>
        </thead>
        <tbody>
          <tr
            class="border-b border-palette-bg3/10"
          >
            <td
              class="p-2"
            >
              <a
                class="underline"
                href="/p/imprenditori/id/65f0000000000000000000f1"
              >
                Rossi
              </a>
            </td>
            <td
              class="p-2"
            >
              Mario
            </td>
            <td
              class="p-2"
            >
              01/02/2026
            </td>
            <td
              class="p-2"
            >
              Via Roma 1, 20100 Milano (MI)
            </td>
          </tr>
          <tr
            class="border-b border-palette-bg3/10"
          >
            <td
              class="p-2"
            >
              <a
                class="underline"
                href="/p/imprenditori/id/65f0000000000000000000f2"
              >
                Bianchi
              </a>
            </td>
            <td
              class="p-2"
            >
              Anna
            </td>
            <td
              class="p-2"
            >
              15/03/2026
            </td>
            <td
              class="p-2"
            >
              Corso Italia 9, 00100 Roma (RM)
            </td>
          </tr>
        </tbody>
      </table>
    </div>
    <div
      class="flex flex-wrap items-center justify-between gap-4 py-3 text-sm"
    >
      <p
        aria-live="polite"
      >
        1
        –
        20
         di 
        41
      </p>
      <nav
        aria-label="Paginazione"
        class="flex gap-1"
      >
        <button
          aria-label="Pagina precedente"
          class="rounded-box px-2 py-1 disabled:opacity-40"
          disabled=""
          type="button"
        >
          ‹
        </button>
        <button
          aria-current="page"
          aria-label="Pagina 1"
          class="rounded-box px-2 py-1 bg-third text-palette-white"
          type="button"
        >
          1
        </button>
        <button
          aria-label="Pagina 2"
          class="rounded-box px-2 py-1 "
          type="button"
        >
          2
        </button>
        <button
          aria-label="Pagina 3"
          class="rounded-box px-2 py-1 "
          type="button"
        >
          3
        </button>
        <button
          aria-label="Pagina successiva"
          class="rounded-box px-2 py-1 disabled:opacity-40"
          type="button"
        >
          ›
        </button>
      </nav>
    </div>
  </div>
</main>
`;
